exports[`test renders correctly 1`] = `
<div>
  <div
    className="sc-hzDkRC cBEVhi">
    <div>
      Loading...
    </div>
  </div>
  <div
    className="sc-hzDkRC cBEVhi">
    <div>
      Loading...
    </div>
  </div>
  <div
    className="sc-hzDkRC cBEVhi">
    <div>
      Loading...
    </div>
  </div>
</div>
`;
